// Jest Snapshot v1, https://goo.gl/fbAQLP

exports[`1. multiple ad slots 1`] = `
Array [
  <View
    className="IS4"
  >
    <View
      className="IS3"
      inViewport={false}
    >
      <View
        className="IS2"
      >
        <RNCWebView
          cacheEnabled={true}
          className="IS1"
          injectedJavaScriptBeforeContentLoadedForMainFrameOnly={true}
          injectedJavaScriptForMainFrameOnly={true}
          javaScriptEnabled={true}
          messagingEnabled={true}
          useSharedProcessPool={true}
        />
      </View>
    </View>
  </View>,
  <View
    className="IS4"
  >
    <View
      className="IS3"
      inViewport={false}
    >
      <View
        className="IS2"
      >
        <RNCWebView
          cacheEnabled={true}
          className="IS1"
          injectedJavaScriptBeforeContentLoadedForMainFrameOnly={true}
          injectedJavaScriptForMainFrameOnly={true}
          javaScriptEnabled={true}
          messagingEnabled={true}
          useSharedProcessPool={true}
        />
      </View>
    </View>
  </View>,
]
`;

exports[`2. return null if there is an error in the loading of scripts 1`] = `null`;
