// Jest Snapshot v1, https://goo.gl/fbAQLP

exports[`adConfig is set correctly 1`] = `
Object {
  "adUnit": "thetimes.mob.ios",
  "bidInitialiser": Promise {
    "_U": 0,
    "_V": 1,
    "_W": undefined,
    "_X": null,
  },
  "bidderSlots": Array [],
  "biddersConfig": Object {},
  "globalSlots": Array [],
  "networkId": "dummy-ad-network-id",
  "pageTargeting": Object {
    "Shared": "0",
    "aid": "this-is-a-id",
    "cont_type": "art",
    "cos": "iOS",
    "cov": "123",
    "cpn": "dummy-cookie-eid",
    "did": "dummy-device-id",
    "eid": "dummy-cookie-eid",
    "kw": "this,is,a,headline",
    "log": "0",
    "section": "sectionName",
    "testmode": "testMode",
    "vid": "",
  },
  "slotTargeting": Object {
    "path": "/sectionname",
    "section": "sectionName",
    "slot": "sectionname",
    "zone": "current_edition",
  },
}
`;

exports[`article page 1`] = `
<Article
  adConfig={
    Object {
      "adUnit": "thetimes.mob.ios",
      "bidInitialiser": Promise {
        "_U": 0,
        "_V": 1,
        "_W": undefined,
        "_X": null,
      },
      "bidderSlots": Array [],
      "biddersConfig": Object {},
      "globalSlots": Array [],
      "networkId": "dummy-ad-network-id",
      "pageTargeting": Object {
        "Shared": "0",
        "aid": "this-is-a-id",
        "cont_type": "art",
        "cos": "iOS",
        "cov": "123",
        "cpn": "dummy-cookie-eid",
        "did": "dummy-device-id",
        "eid": "dummy-cookie-eid",
        "kw": "this,is,a,headline",
        "log": "0",
        "section": "News",
        "testmode": undefined,
        "vid": "",
      },
      "slotTargeting": Object {
        "path": "/news",
        "section": "News",
        "slot": "news",
        "zone": "current_edition",
      },
    }
  }
  article={
    Object {
      "headline": "This is a headline",
      "id": "this-is-a-id",
      "keywords": Array [
        "this",
        "is",
        "a",
        "headline",
      ],
    }
  }
  error={null}
  interactiveConfig={
    Object {
      "dev": false,
      "environment": "prod",
      "platform": "ios",
      "version": "",
    }
  }
  isLoading={false}
  pageSection="News"
  referralUrl={null}
/>
`;
