// Jest Snapshot v1, https://goo.gl/fbAQLP

exports[`tile t without breakpoint 1`] = `
<Link
  linkStyle={
    Object {
      "flexDirection": "row",
      "padding": 10,
    }
  }
>
  <Image
    aspectRatio={1.7777777777777777}
    style={
      Object {
        "width": "50%",
      }
    }
    uri="https://www.thetimes.co.uk/imageserver/image/methode%2Ftimes%2Fprod%2Fweb%2Fbin%2Fd3abdbfc-1776-11e6-b4ba-d249b128bacc.jpg?crop=620%2C348%2C0%2C32"
  />
  <View
    style={
      Object {
        "paddingBottom": 5,
        "paddingLeft": 10,
        "width": "50%",
      }
    }
  >
    <View>
      <View
        style={
          Object {
            "marginBottom": 5,
          }
        }
      >
        <ArticleLabel
          childTestID="article-slug"
          color="#005B8D"
          title="label"
        />
      </View>
    </View>
    <Text
      accessibilityRole="header"
      aria-level="3"
      style={
        Object {
          "color": "#333333",
          "fontFamily": "TimesModern-Bold",
          "fontSize": 20,
          "fontWeight": "900",
          "includeFontPadding": false,
          "lineHeight": 20,
          "marginBottom": 5,
        }
      }
      testID="article-summary-headline"
    >
      This is tile headline
    </Text>
    <ArticleFlags
      flags={
        Array [
          Object {
            "expiryTime": "2030-03-14T12:00:00.000Z",
            "type": "EXCLUSIVE",
          },
        ]
      }
      longRead={true}
    />
  </View>
</Link>
`;
