// Jest Snapshot v1, https://goo.gl/fbAQLP

exports[`InTodaysEdition landscape 1024 1`] = `
<View
  style={
    Object {
      "backgroundColor": "#F0EEDF",
      "flex": 1,
      "paddingHorizontal": 20,
      "paddingVertical": 15,
    }
  }
>
  <View
    style={
      Object {
        "borderBottomColor": "#CECCBF",
        "borderBottomWidth": 1,
        "paddingBottom": 10,
      }
    }
  >
    <Text
      style={
        Object {
          "color": "#1D1D1B",
          "fontFamily": "TimesDigitalW04-Regular",
          "fontSize": 14,
          "fontWeight": "bold",
          "letterSpacing": 1,
        }
      }
    >
      IN TODAY'S EDITION
    </Text>
  </View>
  <View>
    <View
      style={
        Object {
          "opacity": 1,
          "paddingTop": 10,
        }
      }
    >
      <Text
        style={
          Object {
            "color": "#1D1D1B",
            "fontFamily": "TimesModern-Bold",
            "fontSize": 18,
            "marginBottom": 5,
          }
        }
      >
        James Forsyth
      </Text>
      <Text
        style={
          Object {
            "color": "#1D1D1B",
            "fontFamily": "TimesDigitalW04-Regular",
            "fontSize": 14,
            "lineHeight": 18,
            "marginBottom": 10,
          }
        }
      >
        A hydrogen-fuelled future energises Johnson
      </Text>
      <View
        style={
          Object {
            "flexDirection": "row",
          }
        }
      >
        <Text
          style={
            Object {
              "color": "#CC0000",
              "fontFamily": "GillSansMTStd-Medium",
              "fontSize": 13,
              "marginBottom": 15,
              "textDecorationLine": "none",
            }
          }
        >
          Read the full story
        </Text>
        <View
          style={
            Object {
              "marginLeft": 5,
              "marginTop": 2,
            }
          }
        >
          <IconForwardArrow />
        </View>
      </View>
    </View>
    <View
      style={
        Object {
          "borderBottomWidth": 1,
          "borderColor": "#CECCBF",
        }
      }
    />
    <View
      style={
        Object {
          "opacity": 1,
          "paddingTop": 10,
        }
      }
    >
      <Text
        style={
          Object {
            "color": "#1D1D1B",
            "fontFamily": "TimesModern-Bold",
            "fontSize": 18,
            "marginBottom": 5,
          }
        }
      >
        Caitlin Moran
      </Text>
      <Text
        style={
          Object {
            "color": "#1D1D1B",
            "fontFamily": "TimesDigitalW04-Regular",
            "fontSize": 14,
            "lineHeight": 18,
            "marginBottom": 10,
          }
        }
      >
        At least Netflix is more low-key than Trooping the Colour
      </Text>
      <View
        style={
          Object {
            "flexDirection": "row",
          }
        }
      >
        <Text
          style={
            Object {
              "color": "#CC0000",
              "fontFamily": "GillSansMTStd-Medium",
              "fontSize": 13,
              "marginBottom": 15,
              "textDecorationLine": "none",
            }
          }
        >
          Read the full story
        </Text>
        <View
          style={
            Object {
              "marginLeft": 5,
              "marginTop": 2,
            }
          }
        >
          <IconForwardArrow />
        </View>
      </View>
    </View>
    <View
      style={
        Object {
          "borderBottomWidth": 1,
          "borderColor": "#CECCBF",
        }
      }
    />
    <View
      style={
        Object {
          "opacity": 1,
          "paddingTop": 10,
        }
      }
    >
      <Text
        style={
          Object {
            "color": "#1D1D1B",
            "fontFamily": "TimesModern-Bold",
            "fontSize": 18,
            "marginBottom": 5,
          }
        }
      >
        Matt Dickinson
      </Text>
      <Text
        style={
          Object {
            "color": "#1D1D1B",
            "fontFamily": "TimesDigitalW04-Regular",
            "fontSize": 14,
            "lineHeight": 18,
            "marginBottom": 10,
          }
        }
      >
        My encounter with Britainâ€™s oldest Olympian
      </Text>
      <View
        style={
          Object {
            "flexDirection": "row",
          }
        }
      >
        <Text
          style={
            Object {
              "color": "#CC0000",
              "fontFamily": "GillSansMTStd-Medium",
              "fontSize": 13,
              "marginBottom": 15,
              "textDecorationLine": "none",
            }
          }
        >
          Read the full story
        </Text>
        <View
          style={
            Object {
              "marginLeft": 5,
              "marginTop": 2,
            }
          }
        >
          <IconForwardArrow />
        </View>
      </View>
    </View>
    <View
      style={
        Object {
          "borderBottomWidth": 1,
          "borderColor": "#CECCBF",
        }
      }
    />
    <View
      style={
        Object {
          "opacity": 1,
          "paddingTop": 10,
        }
      }
    >
      <Text
        style={
          Object {
            "color": "#1D1D1B",
            "fontFamily": "TimesModern-Bold",
            "fontSize": 18,
            "marginBottom": 5,
          }
        }
      >
        Times Radio
      </Text>
      <Text
        style={
          Object {
            "color": "#1D1D1B",
            "fontFamily": "TimesDigitalW04-Regular",
            "fontSize": 14,
            "lineHeight": 18,
            "marginBottom": 10,
          }
        }
      >
        Listen free on DAB, online or via the Times Radio app
      </Text>
      <View
        style={
          Object {
            "flexDirection": "row",
          }
        }
      >
        <Text
          style={
            Object {
              "color": "#CC0000",
              "fontFamily": "GillSansMTStd-Medium",
              "fontSize": 13,
              "marginBottom": 15,
              "textDecorationLine": "none",
            }
          }
        >
          Take me there
        </Text>
        <View
          style={
            Object {
              "marginLeft": 5,
              "marginTop": 2,
            }
          }
        >
          <IconForwardArrow />
        </View>
      </View>
    </View>
  </View>
</View>
`;

exports[`InTodaysEdition landscape 1080 1`] = `
<View
  style={
    Object {
      "backgroundColor": "#F0EEDF",
      "flex": 1,
      "paddingHorizontal": 30,
      "paddingVertical": 20,
    }
  }
>
  <View
    style={
      Object {
        "borderBottomColor": "#CECCBF",
        "borderBottomWidth": 1,
        "paddingBottom": 10,
      }
    }
  >
    <Text
      style={
        Object {
          "color": "#1D1D1B",
          "fontFamily": "TimesDigitalW04-Regular",
          "fontSize": 14,
          "fontWeight": "bold",
          "letterSpacing": 1,
        }
      }
    >
      IN TODAY'S EDITION
    </Text>
  </View>
  <View>
    <View
      style={
        Object {
          "opacity": 1,
          "paddingTop": 15,
        }
      }
    >
      <Text
        style={
          Object {
            "color": "#1D1D1B",
            "fontFamily": "TimesModern-Bold",
            "fontSize": 18,
            "marginBottom": 5,
          }
        }
      >
        James Forsyth
      </Text>
      <Text
        style={
          Object {
            "color": "#1D1D1B",
            "fontFamily": "TimesDigitalW04-Regular",
            "fontSize": 14,
            "lineHeight": 18,
            "marginBottom": 10,
          }
        }
      >
        A hydrogen-fuelled future energises Johnson
      </Text>
      <View
        style={
          Object {
            "flexDirection": "row",
          }
        }
      >
        <Text
          style={
            Object {
              "color": "#CC0000",
              "fontFamily": "GillSansMTStd-Medium",
              "fontSize": 14,
              "marginBottom": 15,
              "textDecorationLine": "none",
            }
          }
        >
          Read the full story
        </Text>
        <View
          style={
            Object {
              "marginLeft": 5,
              "marginTop": 2,
            }
          }
        >
          <IconForwardArrow />
        </View>
      </View>
    </View>
    <View
      style={
        Object {
          "borderBottomWidth": 1,
          "borderColor": "#CECCBF",
        }
      }
    />
    <View
      style={
        Object {
          "opacity": 1,
          "paddingTop": 15,
        }
      }
    >
      <Text
        style={
          Object {
            "color": "#1D1D1B",
            "fontFamily": "TimesModern-Bold",
            "fontSize": 18,
            "marginBottom": 5,
          }
        }
      >
        Caitlin Moran
      </Text>
      <Text
        style={
          Object {
            "color": "#1D1D1B",
            "fontFamily": "TimesDigitalW04-Regular",
            "fontSize": 14,
            "lineHeight": 18,
            "marginBottom": 10,
          }
        }
      >
        At least Netflix is more low-key than Trooping the Colour
      </Text>
      <View
        style={
          Object {
            "flexDirection": "row",
          }
        }
      >
        <Text
          style={
            Object {
              "color": "#CC0000",
              "fontFamily": "GillSansMTStd-Medium",
              "fontSize": 14,
              "marginBottom": 15,
              "textDecorationLine": "none",
            }
          }
        >
          Read the full story
        </Text>
        <View
          style={
            Object {
              "marginLeft": 5,
              "marginTop": 2,
            }
          }
        >
          <IconForwardArrow />
        </View>
      </View>
    </View>
    <View
      style={
        Object {
          "borderBottomWidth": 1,
          "borderColor": "#CECCBF",
        }
      }
    />
    <View
      style={
        Object {
          "opacity": 1,
          "paddingTop": 15,
        }
      }
    >
      <Text
        style={
          Object {
            "color": "#1D1D1B",
            "fontFamily": "TimesModern-Bold",
            "fontSize": 18,
            "marginBottom": 5,
          }
        }
      >
        Matt Dickinson
      </Text>
      <Text
        style={
          Object {
            "color": "#1D1D1B",
            "fontFamily": "TimesDigitalW04-Regular",
            "fontSize": 14,
            "lineHeight": 18,
            "marginBottom": 10,
          }
        }
      >
        My encounter with Britainâ€™s oldest Olympian
      </Text>
      <View
        style={
          Object {
            "flexDirection": "row",
          }
        }
      >
        <Text
          style={
            Object {
              "color": "#CC0000",
              "fontFamily": "GillSansMTStd-Medium",
              "fontSize": 14,
              "marginBottom": 15,
              "textDecorationLine": "none",
            }
          }
        >
          Read the full story
        </Text>
        <View
          style={
            Object {
              "marginLeft": 5,
              "marginTop": 2,
            }
          }
        >
          <IconForwardArrow />
        </View>
      </View>
    </View>
    <View
      style={
        Object {
          "borderBottomWidth": 1,
          "borderColor": "#CECCBF",
        }
      }
    />
    <View
      style={
        Object {
          "opacity": 1,
          "paddingTop": 15,
        }
      }
    >
      <Text
        style={
          Object {
            "color": "#1D1D1B",
            "fontFamily": "TimesModern-Bold",
            "fontSize": 18,
            "marginBottom": 5,
          }
        }
      >
        Times Radio
      </Text>
      <Text
        style={
          Object {
            "color": "#1D1D1B",
            "fontFamily": "TimesDigitalW04-Regular",
            "fontSize": 14,
            "lineHeight": 18,
            "marginBottom": 10,
          }
        }
      >
        Listen free on DAB, online or via the Times Radio app
      </Text>
      <View
        style={
          Object {
            "flexDirection": "row",
          }
        }
      >
        <Text
          style={
            Object {
              "color": "#CC0000",
              "fontFamily": "GillSansMTStd-Medium",
              "fontSize": 14,
              "marginBottom": 15,
              "textDecorationLine": "none",
            }
          }
        >
          Take me there
        </Text>
        <View
          style={
            Object {
              "marginLeft": 5,
              "marginTop": 2,
            }
          }
        >
          <IconForwardArrow />
        </View>
      </View>
    </View>
  </View>
</View>
`;

exports[`InTodaysEdition landscape 1112 1`] = `
<View
  style={
    Object {
      "backgroundColor": "#F0EEDF",
      "flex": 1,
      "paddingHorizontal": 30,
      "paddingVertical": 20,
    }
  }
>
  <View
    style={
      Object {
        "borderBottomColor": "#CECCBF",
        "borderBottomWidth": 1,
        "paddingBottom": 15,
      }
    }
  >
    <Text
      style={
        Object {
          "color": "#1D1D1B",
          "fontFamily": "TimesDigitalW04-Regular",
          "fontSize": 14,
          "fontWeight": "bold",
          "letterSpacing": 1,
        }
      }
    >
      IN TODAY'S EDITION
    </Text>
  </View>
  <View>
    <View
      style={
        Object {
          "marginBottom": 5,
          "opacity": 1,
          "paddingTop": 15,
        }
      }
    >
      <Text
        style={
          Object {
            "color": "#1D1D1B",
            "fontFamily": "TimesModern-Bold",
            "fontSize": 18,
            "marginBottom": 5,
          }
        }
      >
        James Forsyth
      </Text>
      <Text
        style={
          Object {
            "color": "#1D1D1B",
            "fontFamily": "TimesDigitalW04-Regular",
            "fontSize": 14,
            "lineHeight": 18,
            "marginBottom": 10,
          }
        }
      >
        A hydrogen-fuelled future energises Johnson
      </Text>
      <View
        style={
          Object {
            "flexDirection": "row",
          }
        }
      >
        <Text
          style={
            Object {
              "color": "#CC0000",
              "fontFamily": "GillSansMTStd-Medium",
              "fontSize": 14,
              "marginBottom": 15,
              "textDecorationLine": "none",
            }
          }
        >
          Read the full story
        </Text>
        <View
          style={
            Object {
              "marginLeft": 5,
              "marginTop": 2,
            }
          }
        >
          <IconForwardArrow />
        </View>
      </View>
    </View>
    <View
      style={
        Object {
          "borderBottomWidth": 1,
          "borderColor": "#CECCBF",
        }
      }
    />
    <View
      style={
        Object {
          "marginBottom": 5,
          "opacity": 1,
          "paddingTop": 15,
        }
      }
    >
      <Text
        style={
          Object {
            "color": "#1D1D1B",
            "fontFamily": "TimesModern-Bold",
            "fontSize": 18,
            "marginBottom": 5,
          }
        }
      >
        Caitlin Moran
      </Text>
      <Text
        style={
          Object {
            "color": "#1D1D1B",
            "fontFamily": "TimesDigitalW04-Regular",
            "fontSize": 14,
            "lineHeight": 18,
            "marginBottom": 10,
          }
        }
      >
        At least Netflix is more low-key than Trooping the Colour
      </Text>
      <View
        style={
          Object {
            "flexDirection": "row",
          }
        }
      >
        <Text
          style={
            Object {
              "color": "#CC0000",
              "fontFamily": "GillSansMTStd-Medium",
              "fontSize": 14,
              "marginBottom": 15,
              "textDecorationLine": "none",
            }
          }
        >
          Read the full story
        </Text>
        <View
          style={
            Object {
              "marginLeft": 5,
              "marginTop": 2,
            }
          }
        >
          <IconForwardArrow />
        </View>
      </View>
    </View>
    <View
      style={
        Object {
          "borderBottomWidth": 1,
          "borderColor": "#CECCBF",
        }
      }
    />
    <View
      style={
        Object {
          "marginBottom": 5,
          "opacity": 1,
          "paddingTop": 15,
        }
      }
    >
      <Text
        style={
          Object {
            "color": "#1D1D1B",
            "fontFamily": "TimesModern-Bold",
            "fontSize": 18,
            "marginBottom": 5,
          }
        }
      >
        Matt Dickinson
      </Text>
      <Text
        style={
          Object {
            "color": "#1D1D1B",
            "fontFamily": "TimesDigitalW04-Regular",
            "fontSize": 14,
            "lineHeight": 18,
            "marginBottom": 10,
          }
        }
      >
        My encounter with Britainâ€™s oldest Olympian
      </Text>
      <View
        style={
          Object {
            "flexDirection": "row",
          }
        }
      >
        <Text
          style={
            Object {
              "color": "#CC0000",
              "fontFamily": "GillSansMTStd-Medium",
              "fontSize": 14,
              "marginBottom": 15,
              "textDecorationLine": "none",
            }
          }
        >
          Read the full story
        </Text>
        <View
          style={
            Object {
              "marginLeft": 5,
              "marginTop": 2,
            }
          }
        >
          <IconForwardArrow />
        </View>
      </View>
    </View>
    <View
      style={
        Object {
          "borderBottomWidth": 1,
          "borderColor": "#CECCBF",
        }
      }
    />
    <View
      style={
        Object {
          "marginBottom": 5,
          "opacity": 1,
          "paddingTop": 15,
        }
      }
    >
      <Text
        style={
          Object {
            "color": "#1D1D1B",
            "fontFamily": "TimesModern-Bold",
            "fontSize": 18,
            "marginBottom": 5,
          }
        }
      >
        Times Radio
      </Text>
      <Text
        style={
          Object {
            "color": "#1D1D1B",
            "fontFamily": "TimesDigitalW04-Regular",
            "fontSize": 14,
            "lineHeight": 18,
            "marginBottom": 10,
          }
        }
      >
        Listen free on DAB, online or via the Times Radio app
      </Text>
      <View
        style={
          Object {
            "flexDirection": "row",
          }
        }
      >
        <Text
          style={
            Object {
              "color": "#CC0000",
              "fontFamily": "GillSansMTStd-Medium",
              "fontSize": 14,
              "marginBottom": 15,
              "textDecorationLine": "none",
            }
          }
        >
          Take me there
        </Text>
        <View
          style={
            Object {
              "marginLeft": 5,
              "marginTop": 2,
            }
          }
        >
          <IconForwardArrow />
        </View>
      </View>
    </View>
  </View>
</View>
`;

exports[`InTodaysEdition landscape 1366 1`] = `
<View
  style={
    Object {
      "backgroundColor": "#F0EEDF",
      "flex": 1,
      "paddingHorizontal": 20,
      "paddingVertical": 20,
    }
  }
>
  <View
    style={
      Object {
        "borderBottomColor": "#CECCBF",
        "borderBottomWidth": 1,
        "paddingBottom": 20,
      }
    }
  >
    <Text
      style={
        Object {
          "color": "#1D1D1B",
          "fontFamily": "TimesDigitalW04-Regular",
          "fontSize": 15,
          "fontWeight": "bold",
          "letterSpacing": 1,
          "lineHeight": 15,
        }
      }
    >
      IN TODAY'S EDITION
    </Text>
  </View>
  <View>
    <View
      style={
        Object {
          "marginBottom": 10,
          "opacity": 1,
          "paddingTop": 25,
        }
      }
    >
      <Text
        style={
          Object {
            "color": "#1D1D1B",
            "fontFamily": "TimesModern-Bold",
            "fontSize": 20,
            "marginBottom": 5,
          }
        }
      >
        James Forsyth
      </Text>
      <Text
        style={
          Object {
            "color": "#1D1D1B",
            "fontFamily": "TimesDigitalW04-Regular",
            "fontSize": 15,
            "lineHeight": 20,
            "marginBottom": 10,
          }
        }
      >
        A hydrogen-fuelled future energises Johnson
      </Text>
      <View
        style={
          Object {
            "flexDirection": "row",
          }
        }
      >
        <Text
          style={
            Object {
              "color": "#CC0000",
              "fontFamily": "GillSansMTStd-Medium",
              "fontSize": 14,
              "marginBottom": 15,
              "textDecorationLine": "none",
            }
          }
        >
          Read the full story
        </Text>
        <View
          style={
            Object {
              "marginLeft": 5,
              "marginTop": 2,
            }
          }
        >
          <IconForwardArrow />
        </View>
      </View>
    </View>
    <View
      style={
        Object {
          "borderBottomWidth": 1,
          "borderColor": "#CECCBF",
        }
      }
    />
    <View
      style={
        Object {
          "marginBottom": 10,
          "opacity": 1,
          "paddingTop": 25,
        }
      }
    >
      <Text
        style={
          Object {
            "color": "#1D1D1B",
            "fontFamily": "TimesModern-Bold",
            "fontSize": 20,
            "marginBottom": 5,
          }
        }
      >
        Caitlin Moran
      </Text>
      <Text
        style={
          Object {
            "color": "#1D1D1B",
            "fontFamily": "TimesDigitalW04-Regular",
            "fontSize": 15,
            "lineHeight": 20,
            "marginBottom": 10,
          }
        }
      >
        At least Netflix is more low-key than Trooping the Colour
      </Text>
      <View
        style={
          Object {
            "flexDirection": "row",
          }
        }
      >
        <Text
          style={
            Object {
              "color": "#CC0000",
              "fontFamily": "GillSansMTStd-Medium",
              "fontSize": 14,
              "marginBottom": 15,
              "textDecorationLine": "none",
            }
          }
        >
          Read the full story
        </Text>
        <View
          style={
            Object {
              "marginLeft": 5,
              "marginTop": 2,
            }
          }
        >
          <IconForwardArrow />
        </View>
      </View>
    </View>
    <View
      style={
        Object {
          "borderBottomWidth": 1,
          "borderColor": "#CECCBF",
        }
      }
    />
    <View
      style={
        Object {
          "marginBottom": 10,
          "opacity": 1,
          "paddingTop": 25,
        }
      }
    >
      <Text
        style={
          Object {
            "color": "#1D1D1B",
            "fontFamily": "TimesModern-Bold",
            "fontSize": 20,
            "marginBottom": 5,
          }
        }
      >
        Matt Dickinson
      </Text>
      <Text
        style={
          Object {
            "color": "#1D1D1B",
            "fontFamily": "TimesDigitalW04-Regular",
            "fontSize": 15,
            "lineHeight": 20,
            "marginBottom": 10,
          }
        }
      >
        My encounter with Britainâ€™s oldest Olympian
      </Text>
      <View
        style={
          Object {
            "flexDirection": "row",
          }
        }
      >
        <Text
          style={
            Object {
              "color": "#CC0000",
              "fontFamily": "GillSansMTStd-Medium",
              "fontSize": 14,
              "marginBottom": 15,
              "textDecorationLine": "none",
            }
          }
        >
          Read the full story
        </Text>
        <View
          style={
            Object {
              "marginLeft": 5,
              "marginTop": 2,
            }
          }
        >
          <IconForwardArrow />
        </View>
      </View>
    </View>
    <View
      style={
        Object {
          "borderBottomWidth": 1,
          "borderColor": "#CECCBF",
        }
      }
    />
    <View
      style={
        Object {
          "marginBottom": 10,
          "opacity": 1,
          "paddingTop": 25,
        }
      }
    >
      <Text
        style={
          Object {
            "color": "#1D1D1B",
            "fontFamily": "TimesModern-Bold",
            "fontSize": 20,
            "marginBottom": 5,
          }
        }
      >
        Times Radio
      </Text>
      <Text
        style={
          Object {
            "color": "#1D1D1B",
            "fontFamily": "TimesDigitalW04-Regular",
            "fontSize": 15,
            "lineHeight": 20,
            "marginBottom": 10,
          }
        }
      >
        Listen free on DAB, online or via the Times Radio app
      </Text>
      <View
        style={
          Object {
            "flexDirection": "row",
          }
        }
      >
        <Text
          style={
            Object {
              "color": "#CC0000",
              "fontFamily": "GillSansMTStd-Medium",
              "fontSize": 14,
              "marginBottom": 15,
              "textDecorationLine": "none",
            }
          }
        >
          Take me there
        </Text>
        <View
          style={
            Object {
              "marginLeft": 5,
              "marginTop": 2,
            }
          }
        >
          <IconForwardArrow />
        </View>
      </View>
    </View>
  </View>
</View>
`;

exports[`InTodaysEdition portrait 768 1`] = `
<View
  style={
    Object {
      "backgroundColor": "#F0EEDF",
      "flex": 1,
      "paddingHorizontal": 20,
      "paddingTop": 13,
      "paddingVertical": 15,
    }
  }
>
  <View
    style={
      Object {
        "borderBottomColor": "#CECCBF",
        "borderBottomWidth": 1,
        "paddingBottom": 3,
      }
    }
  >
    <Text
      style={
        Object {
          "color": "#1D1D1B",
          "fontFamily": "TimesDigitalW04-Regular",
          "fontSize": 13,
          "fontWeight": "bold",
          "letterSpacing": 1,
        }
      }
    >
      IN TODAY'S EDITION
    </Text>
  </View>
  <View
    style={
      Object {
        "flex": 1,
        "flexDirection": "row",
        "marginTop": 10,
      }
    }
  >
    <View
      style={
        Object {
          "flex": 1,
          "marginRight": 10,
          "opacity": 1,
        }
      }
    >
      <Text
        style={
          Object {
            "color": "#1D1D1B",
            "fontFamily": "TimesModern-Bold",
            "fontSize": 16,
            "marginBottom": 4,
          }
        }
      >
        James Forsyth
      </Text>
      <Text
        style={
          Object {
            "color": "#1D1D1B",
            "fontFamily": "TimesDigitalW04-Regular",
            "fontSize": 14,
            "lineHeight": 18,
            "marginBottom": 5,
          }
        }
      >
        A hydrogen-fuelled future energises Johnson
      </Text>
    </View>
    <View
      style={
        Object {
          "borderColor": "#CECCBF",
          "borderLeftWidth": 1,
          "marginHorizontal": 5,
          "paddingLeft": 10,
        }
      }
    />
    <View
      style={
        Object {
          "flex": 1,
          "marginRight": 10,
          "opacity": 1,
        }
      }
    >
      <Text
        style={
          Object {
            "color": "#1D1D1B",
            "fontFamily": "TimesModern-Bold",
            "fontSize": 16,
            "marginBottom": 4,
          }
        }
      >
        Caitlin Moran
      </Text>
      <Text
        style={
          Object {
            "color": "#1D1D1B",
            "fontFamily": "TimesDigitalW04-Regular",
            "fontSize": 14,
            "lineHeight": 18,
            "marginBottom": 5,
          }
        }
      >
        At least Netflix is more low-key than Trooping the Colour
      </Text>
    </View>
    <View
      style={
        Object {
          "borderColor": "#CECCBF",
          "borderLeftWidth": 1,
          "marginHorizontal": 5,
          "paddingLeft": 10,
        }
      }
    />
    <View
      style={
        Object {
          "flex": 1,
          "marginRight": 10,
          "opacity": 1,
        }
      }
    >
      <Text
        style={
          Object {
            "color": "#1D1D1B",
            "fontFamily": "TimesModern-Bold",
            "fontSize": 16,
            "marginBottom": 4,
          }
        }
      >
        Matt Dickinson
      </Text>
      <Text
        style={
          Object {
            "color": "#1D1D1B",
            "fontFamily": "TimesDigitalW04-Regular",
            "fontSize": 14,
            "lineHeight": 18,
            "marginBottom": 5,
          }
        }
      >
        My encounter with Britainâ€™s oldest Olympian
      </Text>
    </View>
    <View
      style={
        Object {
          "borderColor": "#CECCBF",
          "borderLeftWidth": 1,
          "marginHorizontal": 5,
          "paddingLeft": 10,
        }
      }
    />
    <View
      style={
        Object {
          "flex": 1,
          "marginRight": 0,
          "opacity": 1,
        }
      }
    >
      <Text
        style={
          Object {
            "color": "#1D1D1B",
            "fontFamily": "TimesModern-Bold",
            "fontSize": 16,
            "marginBottom": 4,
          }
        }
      >
        Times Radio
      </Text>
      <Text
        style={
          Object {
            "color": "#1D1D1B",
            "fontFamily": "TimesDigitalW04-Regular",
            "fontSize": 14,
            "lineHeight": 18,
            "marginBottom": 5,
          }
        }
      >
        Listen free on DAB, online or via the Times Radio app
      </Text>
    </View>
  </View>
</View>
`;

exports[`InTodaysEdition portrait 810 1`] = `
<View
  style={
    Object {
      "backgroundColor": "#F0EEDF",
      "flex": 1,
      "paddingBottom": 25,
      "paddingHorizontal": 20,
      "paddingTop": 13,
      "paddingVertical": 15,
    }
  }
>
  <View
    style={
      Object {
        "borderBottomColor": "#CECCBF",
        "borderBottomWidth": 1,
        "paddingBottom": 3,
      }
    }
  >
    <Text
      style={
        Object {
          "color": "#1D1D1B",
          "fontFamily": "TimesDigitalW04-Regular",
          "fontSize": 13,
          "fontWeight": "bold",
          "letterSpacing": 1,
        }
      }
    >
      IN TODAY'S EDITION
    </Text>
  </View>
  <View
    style={
      Object {
        "flex": 1,
        "flexDirection": "row",
        "marginTop": 15,
      }
    }
  >
    <View
      style={
        Object {
          "flex": 1,
          "marginRight": 10,
          "opacity": 1,
        }
      }
    >
      <Text
        style={
          Object {
            "color": "#1D1D1B",
            "fontFamily": "TimesModern-Bold",
            "fontSize": 16,
            "marginBottom": 4,
          }
        }
      >
        James Forsyth
      </Text>
      <Text
        style={
          Object {
            "color": "#1D1D1B",
            "fontFamily": "TimesDigitalW04-Regular",
            "fontSize": 14,
            "lineHeight": 18,
            "marginBottom": 5,
          }
        }
      >
        A hydrogen-fuelled future energises Johnson
      </Text>
    </View>
    <View
      style={
        Object {
          "borderColor": "#CECCBF",
          "borderLeftWidth": 1,
          "marginHorizontal": 5,
          "paddingLeft": 10,
        }
      }
    />
    <View
      style={
        Object {
          "flex": 1,
          "marginRight": 10,
          "opacity": 1,
        }
      }
    >
      <Text
        style={
          Object {
            "color": "#1D1D1B",
            "fontFamily": "TimesModern-Bold",
            "fontSize": 16,
            "marginBottom": 4,
          }
        }
      >
        Caitlin Moran
      </Text>
      <Text
        style={
          Object {
            "color": "#1D1D1B",
            "fontFamily": "TimesDigitalW04-Regular",
            "fontSize": 14,
            "lineHeight": 18,
            "marginBottom": 5,
          }
        }
      >
        At least Netflix is more low-key than Trooping the Colour
      </Text>
    </View>
    <View
      style={
        Object {
          "borderColor": "#CECCBF",
          "borderLeftWidth": 1,
          "marginHorizontal": 5,
          "paddingLeft": 10,
        }
      }
    />
    <View
      style={
        Object {
          "flex": 1,
          "marginRight": 10,
          "opacity": 1,
        }
      }
    >
      <Text
        style={
          Object {
            "color": "#1D1D1B",
            "fontFamily": "TimesModern-Bold",
            "fontSize": 16,
            "marginBottom": 4,
          }
        }
      >
        Matt Dickinson
      </Text>
      <Text
        style={
          Object {
            "color": "#1D1D1B",
            "fontFamily": "TimesDigitalW04-Regular",
            "fontSize": 14,
            "lineHeight": 18,
            "marginBottom": 5,
          }
        }
      >
        My encounter with Britainâ€™s oldest Olympian
      </Text>
    </View>
    <View
      style={
        Object {
          "borderColor": "#CECCBF",
          "borderLeftWidth": 1,
          "marginHorizontal": 5,
          "paddingLeft": 10,
        }
      }
    />
    <View
      style={
        Object {
          "flex": 1,
          "marginRight": 0,
          "opacity": 1,
        }
      }
    >
      <Text
        style={
          Object {
            "color": "#1D1D1B",
            "fontFamily": "TimesModern-Bold",
            "fontSize": 16,
            "marginBottom": 4,
          }
        }
      >
        Times Radio
      </Text>
      <Text
        style={
          Object {
            "color": "#1D1D1B",
            "fontFamily": "TimesDigitalW04-Regular",
            "fontSize": 14,
            "lineHeight": 18,
            "marginBottom": 5,
          }
        }
      >
        Listen free on DAB, online or via the Times Radio app
      </Text>
    </View>
  </View>
</View>
`;

exports[`InTodaysEdition portrait 1024 1`] = `
<View
  style={
    Object {
      "backgroundColor": "#F0EEDF",
      "flex": 1,
      "paddingBottom": 25,
      "paddingHorizontal": 25,
      "paddingTop": 20,
      "paddingVertical": 15,
    }
  }
>
  <View
    style={
      Object {
        "borderBottomColor": "#CECCBF",
        "borderBottomWidth": 1,
        "paddingBottom": 3,
      }
    }
  >
    <Text
      style={
        Object {
          "color": "#1D1D1B",
          "fontFamily": "TimesDigitalW04-Regular",
          "fontSize": 16,
          "fontWeight": "bold",
          "letterSpacing": 1,
        }
      }
    >
      IN TODAY'S EDITION
    </Text>
  </View>
  <View
    style={
      Object {
        "flex": 1,
        "flexDirection": "row",
        "marginTop": 17,
      }
    }
  >
    <View
      style={
        Object {
          "flex": 1,
          "marginRight": 10,
          "opacity": 1,
        }
      }
    >
      <Text
        style={
          Object {
            "color": "#1D1D1B",
            "fontFamily": "TimesModern-Bold",
            "fontSize": 20,
            "marginBottom": 4,
          }
        }
      >
        James Forsyth
      </Text>
      <Text
        style={
          Object {
            "color": "#1D1D1B",
            "fontFamily": "TimesDigitalW04-Regular",
            "fontSize": 15,
            "lineHeight": 20,
            "marginBottom": 5,
          }
        }
      >
        A hydrogen-fuelled future energises Johnson
      </Text>
    </View>
    <View
      style={
        Object {
          "borderColor": "#CECCBF",
          "borderLeftWidth": 1,
          "marginHorizontal": 5,
          "paddingLeft": 5,
        }
      }
    />
    <View
      style={
        Object {
          "flex": 1,
          "marginRight": 10,
          "opacity": 1,
        }
      }
    >
      <Text
        style={
          Object {
            "color": "#1D1D1B",
            "fontFamily": "TimesModern-Bold",
            "fontSize": 20,
            "marginBottom": 4,
          }
        }
      >
        Caitlin Moran
      </Text>
      <Text
        style={
          Object {
            "color": "#1D1D1B",
            "fontFamily": "TimesDigitalW04-Regular",
            "fontSize": 15,
            "lineHeight": 20,
            "marginBottom": 5,
          }
        }
      >
        At least Netflix is more low-key than Trooping the Colour
      </Text>
    </View>
    <View
      style={
        Object {
          "borderColor": "#CECCBF",
          "borderLeftWidth": 1,
          "marginHorizontal": 5,
          "paddingLeft": 5,
        }
      }
    />
    <View
      style={
        Object {
          "flex": 1,
          "marginRight": 10,
          "opacity": 1,
        }
      }
    >
      <Text
        style={
          Object {
            "color": "#1D1D1B",
            "fontFamily": "TimesModern-Bold",
            "fontSize": 20,
            "marginBottom": 4,
          }
        }
      >
        Matt Dickinson
      </Text>
      <Text
        style={
          Object {
            "color": "#1D1D1B",
            "fontFamily": "TimesDigitalW04-Regular",
            "fontSize": 15,
            "lineHeight": 20,
            "marginBottom": 5,
          }
        }
      >
        My encounter with Britainâ€™s oldest Olympian
      </Text>
    </View>
    <View
      style={
        Object {
          "borderColor": "#CECCBF",
          "borderLeftWidth": 1,
          "marginHorizontal": 5,
          "paddingLeft": 5,
        }
      }
    />
    <View
      style={
        Object {
          "flex": 1,
          "marginRight": 0,
          "opacity": 1,
        }
      }
    >
      <Text
        style={
          Object {
            "color": "#1D1D1B",
            "fontFamily": "TimesModern-Bold",
            "fontSize": 20,
            "marginBottom": 4,
          }
        }
      >
        Times Radio
      </Text>
      <Text
        style={
          Object {
            "color": "#1D1D1B",
            "fontFamily": "TimesDigitalW04-Regular",
            "fontSize": 15,
            "lineHeight": 20,
            "marginBottom": 5,
          }
        }
      >
        Listen free on DAB, online or via the Times Radio app
      </Text>
    </View>
  </View>
</View>
`;
