// Jest Snapshot v1, https://goo.gl/fbAQLP

exports[`EmptySearchMessage 1`] = `
<View
  style={
    Object {
      "flex": 1,
      "justifyContent": "center",
    }
  }
>
  <Text
    style={
      Object {
        "color": "#696969",
        "textAlign": "center",
      }
    }
  >
    Search for articles, topics, journalists
  </Text>
</View>
`;
