// Jest Snapshot v1, https://goo.gl/fbAQLP

exports[`tile bb landscape huge 1`] = `
<Link
  linkStyle={
    Object {
      "flexDirection": "row",
      "padding": 10,
    }
  }
>
  <Image
    aspectRatio={1.5}
    style={
      Object {
        "width": "50%",
      }
    }
    uri="https://www.thetimes.co.uk/imageserver/image/%2Fmethode%2Ftimes%2Fprod%2Fweb%2Fbin%2F5a14c64e-06db-11e9-abe2-4909b2eb0130.jpg?crop=2688%2C1792%2C0%2C0"
  />
  <View>
    <View
      style={
        Object {
          "paddingBottom": 5,
          "paddingHorizontal": 10,
          "width": "50%",
        }
      }
    >
      <View>
        <View
          style={
            Object {
              "marginBottom": 5,
            }
          }
        >
          <ArticleLabel
            color="#005B8D"
            title="label"
          />
        </View>
      </View>
      <Text
        accessibilityRole="header"
        aria-level="3"
        style={
          Object {
            "color": "#333333",
            "fontFamily": "TimesModern-Regular",
            "fontSize": 24,
            "fontWeight": "normal",
            "includeFontPadding": false,
            "lineHeight": 24,
            "marginBottom": 5,
          }
        }
      >
        This is tile headline
      </Text>
      <ArticleFlags
        flags={
          Array [
            Object {
              "expiryTime": "2030-03-14T12:00:00.000Z",
              "type": "EXCLUSIVE",
            },
          ]
        }
        longRead={true}
      />
    </View>
  </View>
</Link>
`;

exports[`tile bb landscape medium 1`] = `
<Link
  linkStyle={
    Object {
      "flexDirection": "row",
      "padding": 10,
    }
  }
>
  <Image
    aspectRatio={1.5}
    style={
      Object {
        "width": "50%",
      }
    }
    uri="https://www.thetimes.co.uk/imageserver/image/%2Fmethode%2Ftimes%2Fprod%2Fweb%2Fbin%2F5a14c64e-06db-11e9-abe2-4909b2eb0130.jpg?crop=2688%2C1792%2C0%2C0"
  />
  <View>
    <View
      style={
        Object {
          "paddingBottom": 5,
          "paddingHorizontal": 10,
          "width": "50%",
        }
      }
    >
      <View>
        <View
          style={
            Object {
              "marginBottom": 5,
            }
          }
        >
          <ArticleLabel
            color="#005B8D"
            title="label"
          />
        </View>
      </View>
      <Text
        accessibilityRole="header"
        aria-level="3"
        style={
          Object {
            "color": "#333333",
            "fontFamily": "TimesModern-Regular",
            "fontSize": 17,
            "fontWeight": "normal",
            "includeFontPadding": false,
            "lineHeight": 17,
            "marginBottom": 5,
          }
        }
      >
        This is tile headline
      </Text>
      <ArticleFlags
        flags={
          Array [
            Object {
              "expiryTime": "2030-03-14T12:00:00.000Z",
              "type": "EXCLUSIVE",
            },
          ]
        }
        longRead={true}
      />
    </View>
  </View>
</Link>
`;

exports[`tile bb landscape smallTablet 1`] = `
<Link
  linkStyle={
    Object {
      "flexDirection": "row",
      "padding": 10,
    }
  }
>
  <Image
    aspectRatio={1.5}
    style={
      Object {
        "width": "50%",
      }
    }
    uri="https://www.thetimes.co.uk/imageserver/image/%2Fmethode%2Ftimes%2Fprod%2Fweb%2Fbin%2F5a14c64e-06db-11e9-abe2-4909b2eb0130.jpg?crop=2688%2C1792%2C0%2C0"
  />
  <View>
    <View
      style={
        Object {
          "paddingBottom": 5,
          "paddingHorizontal": 10,
          "width": "50%",
        }
      }
    >
      <View>
        <View
          style={
            Object {
              "marginBottom": 5,
            }
          }
        >
          <ArticleLabel
            color="#005B8D"
            title="label"
          />
        </View>
      </View>
      <Text
        accessibilityRole="header"
        aria-level="3"
        style={
          Object {
            "color": "#333333",
            "fontFamily": "TimesModern-Regular",
            "fontSize": 17,
            "fontWeight": "normal",
            "includeFontPadding": false,
            "lineHeight": 17,
            "marginBottom": 5,
          }
        }
      >
        This is tile headline
      </Text>
      <ArticleFlags
        flags={
          Array [
            Object {
              "expiryTime": "2030-03-14T12:00:00.000Z",
              "type": "EXCLUSIVE",
            },
          ]
        }
        longRead={true}
      />
    </View>
  </View>
</Link>
`;

exports[`tile bb landscape wide 1`] = `
<Link
  linkStyle={
    Object {
      "flexDirection": "row",
      "padding": 10,
    }
  }
>
  <Image
    aspectRatio={1.5}
    style={
      Object {
        "width": "50%",
      }
    }
    uri="https://www.thetimes.co.uk/imageserver/image/%2Fmethode%2Ftimes%2Fprod%2Fweb%2Fbin%2F5a14c64e-06db-11e9-abe2-4909b2eb0130.jpg?crop=2688%2C1792%2C0%2C0"
  />
  <View>
    <View
      style={
        Object {
          "paddingBottom": 5,
          "paddingHorizontal": 10,
          "width": "50%",
        }
      }
    >
      <View>
        <View
          style={
            Object {
              "marginBottom": 5,
            }
          }
        >
          <ArticleLabel
            color="#005B8D"
            title="label"
          />
        </View>
      </View>
      <Text
        accessibilityRole="header"
        aria-level="3"
        style={
          Object {
            "color": "#333333",
            "fontFamily": "TimesModern-Regular",
            "fontSize": 17,
            "fontWeight": "normal",
            "includeFontPadding": false,
            "lineHeight": 17,
            "marginBottom": 5,
          }
        }
      >
        This is tile headline
      </Text>
      <ArticleFlags
        flags={
          Array [
            Object {
              "expiryTime": "2030-03-14T12:00:00.000Z",
              "type": "EXCLUSIVE",
            },
          ]
        }
        longRead={true}
      />
    </View>
  </View>
</Link>
`;
