// Jest Snapshot v1, https://goo.gl/fbAQLP

exports[`1. front lead one and one - medium - portrait 1`] = `
<View>
  <View>
    <Text>
      lead
    </Text>
  </View>
  <View />
  <View>
    <Text>
      support
    </Text>
  </View>
</View>
`;

exports[`2. front lead one and one - wide - portrait 1`] = `
<View>
  <View>
    <Text>
      lead
    </Text>
  </View>
  <View />
  <View>
    <Text>
      support
    </Text>
  </View>
</View>
`;

exports[`3. front lead one and one - huge - portrait 1`] = `
<View>
  <View>
    <Text>
      lead
    </Text>
  </View>
  <View />
  <View>
    <Text>
      support
    </Text>
  </View>
</View>
`;

exports[`4. front lead one and one - medium - landscape 1`] = `
<View>
  <View>
    <Text>
      lead
    </Text>
  </View>
  <View />
  <View>
    <Text>
      support
    </Text>
  </View>
</View>
`;

exports[`5. front lead one and one - wide - landscape 1`] = `
<View>
  <View>
    <Text>
      lead
    </Text>
  </View>
  <View />
  <View>
    <Text>
      support
    </Text>
  </View>
</View>
`;

exports[`6. front lead one and one - huge - landscape 1`] = `
<View>
  <View>
    <Text>
      lead
    </Text>
  </View>
  <View />
  <View>
    <Text>
      support
    </Text>
  </View>
</View>
`;
